<!doctype html>
<html>
  <head>
    <style>
      svg{
       width:50px;
       height:50px;
       fill:black !important;
      }
    </style>
  <head>
  <body>
    <svg xmlns="http://www.w3.org/2000/svg" style="width:0;height:0;visibility:hidden;"><defs><g id="cleanup_with_currentColor-shape"><rect fill="currentColor" x="50" y="50" width="50" height="50"/></g><linearGradient id="element-b" gradientUnits="userSpaceOnUse" x1="485.463" y1="-496.876" x2="500.38" y2="-492.976" gradientTransform="matrix(.707 .707 -.707 .707 -679.147 21.663)"/> <linearGradient id="usingdef-grad1" x1="0%" y1="0%" x2="100%" y2="0%"> <stop offset="0%" style="stop-color:rgb(255,255,0);stop-opacity:1"/> <stop offset="100%" style="stop-color:rgb(255,0,0);stop-opacity:1"/> </linearGradient> </defs><symbol viewBox="0 0 24 24" id="bounding_box"><title>bounding_box</title> <path id="bounding_box-remove-me" fill="none" stroke="none" d="M0 0h24v24H0z"/> <path class="foo" d="M17 14h4v4h-4z"/> <path class="bar" d="M27 24h4v4h-4z"/> </symbol><symbol id="cleanup_with_currentColor"><title>cleanup_with_currentColor</title></symbol><symbol id="cleanup"><title>cleanup</title>  <metadata id="cleanup-metadata3320"> <rdf:RDF> <cc:Work rdf:about=""> <dc:format>image/svg+xml</dc:format> <dc:type rdf:resource="http://purl.org/dc/dcmitype/StillImage"/> <dc:title/> </cc:Work> </rdf:RDF> </metadata> <g transform="matrix(-1,0,0,-1,64.084221,73.450016)" id="cleanup-layer3" style="fill:#000000;display:inline"> <path d="M 32.023548,13.911903 64.114266,44.069169 61.158286,47.02306 32.023548,19.819685 2.9238456,47.538113 -0.03004543,44.584221 z" id="cleanup-path3317" style="fill:#000000;fill-opacity:1;fill-rule:nonzero;stroke:none"/> </g> <g transform="matrix(-1,0,0,-1,64.047096,55.009338)" id="cleanup-g5637" style="fill:#000000;display:inline"> <path d="M 32.023548,13.911903 64.114266,44.069169 61.158286,47.02306 32.023548,19.819685 2.9238456,47.538113 -0.03004543,44.584221 z" id="cleanup-path5639" style="fill:#000000;fill-opacity:1;fill-rule:nonzero;stroke:none"/> </g> </symbol><symbol viewBox="0 0 100 100" id="codepen"><title>Codepen Icon</title><desc>This is the offical Codepen icon</desc> <g>   <path d="M50,0C22.385,0,0,22.385,0,50c0,27.615,22.385,50,50,50c27.614,0,50-22.385,50-50C100,22.385,77.615,0,50,0z M50,91.789
		C26.958,91.789,8.212,73.042,8.212,50C8.212,26.958,26.958,8.212,50,8.212c23.042,0,41.788,18.747,41.788,41.789
		C91.788,73.042,73.042,91.789,50,91.789z"/> <path d="M80.893,40.234c-0.006-0.039-0.016-0.076-0.022-0.115c-0.013-0.075-0.027-0.15-0.046-0.223
		c-0.012-0.044-0.028-0.086-0.042-0.128c-0.021-0.065-0.042-0.13-0.068-0.193c-0.018-0.044-0.039-0.088-0.059-0.13
		c-0.028-0.06-0.057-0.119-0.09-0.175c-0.024-0.042-0.051-0.083-0.076-0.124c-0.036-0.055-0.073-0.109-0.112-0.161
		c-0.029-0.039-0.06-0.078-0.091-0.115c-0.042-0.049-0.086-0.098-0.132-0.143c-0.035-0.036-0.069-0.072-0.106-0.104
		c-0.049-0.044-0.099-0.086-0.15-0.127c-0.04-0.031-0.079-0.062-0.12-0.091c-0.016-0.01-0.029-0.023-0.044-0.033L51.474,19.531
		c-0.893-0.595-2.055-0.595-2.947,0L20.267,38.371c-0.015,0.01-0.028,0.023-0.044,0.033c-0.042,0.029-0.081,0.06-0.12,0.091
		c-0.052,0.041-0.102,0.083-0.15,0.127c-0.037,0.032-0.071,0.068-0.106,0.104c-0.046,0.045-0.09,0.094-0.132,0.143
		c-0.031,0.038-0.062,0.077-0.092,0.115c-0.039,0.052-0.076,0.106-0.111,0.161c-0.027,0.041-0.052,0.082-0.076,0.124
		c-0.033,0.057-0.062,0.115-0.09,0.175c-0.021,0.042-0.042,0.086-0.06,0.13c-0.026,0.063-0.047,0.128-0.068,0.193
		c-0.014,0.042-0.029,0.084-0.042,0.128c-0.02,0.073-0.032,0.148-0.046,0.223c-0.006,0.039-0.016,0.076-0.021,0.115
		c-0.016,0.114-0.024,0.229-0.024,0.346V59.42c0,0.117,0.009,0.233,0.024,0.348c0.005,0.038,0.015,0.077,0.021,0.114
		c0.014,0.075,0.027,0.149,0.046,0.223c0.012,0.043,0.028,0.086,0.042,0.128c0.021,0.065,0.042,0.13,0.068,0.195
		c0.018,0.044,0.039,0.086,0.06,0.129c0.028,0.06,0.058,0.118,0.09,0.177c0.024,0.041,0.049,0.082,0.076,0.122
		c0.035,0.056,0.072,0.109,0.111,0.161c0.029,0.041,0.061,0.078,0.092,0.115c0.042,0.049,0.086,0.098,0.132,0.144
		c0.035,0.036,0.069,0.071,0.106,0.104c0.048,0.044,0.099,0.086,0.15,0.127c0.039,0.031,0.078,0.062,0.12,0.091
		c0.016,0.01,0.029,0.023,0.044,0.032l28.259,18.84c0.446,0.297,0.96,0.447,1.474,0.447c0.513,0,1.027-0.149,1.473-0.447
		l28.259-18.84c0.015-0.009,0.028-0.022,0.044-0.032c0.042-0.029,0.081-0.06,0.12-0.091c0.051-0.041,0.102-0.083,0.15-0.127
		c0.037-0.033,0.071-0.068,0.106-0.104c0.046-0.046,0.09-0.095,0.132-0.144c0.031-0.037,0.062-0.075,0.091-0.115
		c0.04-0.052,0.076-0.105,0.112-0.161c0.025-0.041,0.051-0.081,0.076-0.122c0.033-0.059,0.062-0.117,0.09-0.177
		c0.02-0.042,0.041-0.085,0.059-0.129c0.026-0.065,0.047-0.13,0.068-0.195c0.014-0.042,0.03-0.085,0.042-0.128
		c0.02-0.074,0.033-0.148,0.046-0.223c0.006-0.037,0.016-0.076,0.022-0.114c0.014-0.115,0.023-0.231,0.023-0.348V40.581
		C80.916,40.464,80.907,40.348,80.893,40.234z M52.657,26.707l20.817,13.877l-9.298,6.221l-11.519-7.706V26.707z M47.343,26.707
		v12.393l-11.518,7.706l-9.299-6.221L47.343,26.707z M24.398,45.554L31.046,50l-6.648,4.446V45.554z M47.343,73.294L26.525,59.417
		l9.299-6.219l11.518,7.704V73.294z M50,56.286L40.603,50L50,43.715L59.397,50L50,56.286z M52.657,73.294V60.902l11.519-7.704
		l9.298,6.219L52.657,73.294z M75.602,54.447L68.955,50l6.647-4.446V54.447z"/> </g> </symbol><symbol viewBox="0 0 100 100" id="dribbble"><title>dribbble</title> <path fill="#231F20" d="M52.988,50.438c0.556-0.181,1.116-0.347,1.68-0.508c-1.069-2.426-2.237-4.854-3.46-7.248
	C29.881,49.066,9.185,48.8,7.314,48.76c-0.012,0.436-0.022,0.871-0.022,1.308c0,10.969,4.161,20.981,10.981,28.555
	C19.242,76.965,30.96,57.558,52.988,50.438z M47.677,36.116c-7.075-12.579-14.706-23.154-15.833-24.7
	c-11.948,5.636-20.88,16.651-23.65,29.902C10.105,41.345,27.701,41.421,47.677,36.116z M78.312,18.12
	c-7.543-6.691-17.457-10.763-28.31-10.763c-3.443,0-6.797,0.415-10.006,1.19c1.179,1.58,8.935,12.142,15.933,25.001
	C71.116,27.856,77.543,19.214,78.312,18.12z M62.044,46.084c0.314,0.736,0.622,1.472,0.921,2.201
	c14.209-1.785,28.327,1.08,29.737,1.375c-0.094-10.081-3.696-19.337-9.646-26.603c-0.899,1.218-8.055,10.396-23.846,16.84
	C60.206,41.931,61.158,44,62.044,46.084z M57.291,57.087c-24.087,8.396-32.735,25.099-33.504,26.672
	c7.243,5.645,16.342,9.014,26.215,9.014c5.916,0,11.556-1.21,16.681-3.394c-0.635-3.747-3.115-16.807-9.107-32.388
	C57.479,57.024,57.387,57.054,57.291,57.087z M50.002,100C22.43,100,0,77.569,0,50.001C0,22.432,22.43,0,50.002,0
	C77.573,0,100,22.432,100,50.001C100,77.569,77.573,100,50.002,100z M65.564,55.02c5.587,15.349,7.862,27.852,8.3,30.448
	c9.578-6.479,16.402-16.741,18.306-28.624C90.707,56.384,78.952,52.877,65.564,55.02z"/> </symbol><symbol viewBox="0 0 100 100" id="element"><title>element</title> <path fill="url(#element-b)" d="M20.426 26.117l3.631-1.997c.736-.407.736-1.068 0-1.473l-3.645-2.004-2.73 2.73 2.744 2.744z"/>  </symbol><symbol viewBox="0 0 100 100" id="email"><title>email</title> <path d="M44.933,98.093C19.882,92.443,3.579,72.894,6.295,42.843C8.963,13.331,32.181-0.745,54.983,0.03
	c18.222,0.615,37.405,13.801,38.936,38.896c0.718,11.746-3.373,22.681-9.981,29.42c-8.577,8.746-19.542,10.468-28.546,9.201
	C41.647,75.631,27.999,66.319,28.748,46.28c0.265-7.127,3.676-14.744,9.178-19.788c3.56-3.269,9.475-5.933,15.366-5.743
	c6.368,0.208,11.371,3.154,14.656,7.464c5.83,7.661,5.674,19.918,5.456,21.124c0,0-0.04,0.302-0.095,0.712
	c-0.147,0.997-0.982,1.743-1.95,1.735l-30.047-0.182c-0.141-0.004-0.28,0.066-0.375,0.186c-0.094,0.118-0.142,0.273-0.116,0.413
	c2.068,11.762,13.149,13.718,15.739,14.062c3.146,0.427,11.645,1.258,18.699-5.78c4.832-4.81,7.071-9.829,7.429-21.025
	c0.353-10.708-8.132-28.569-31.131-28.653c-12.009-0.044-31.643,10.088-33.57,33.223C16.083,66.766,28.553,84.02,48.54,87.51
	c27.377,4.776,38.256-7.408,38.256-7.408c0.507-0.308,1.099-0.148,1.333,0.354l4.324,8.51c0.108,0.229,0.194,0.541,0.108,0.824
	c-0.093,0.273-0.172,0.361-0.468,0.604C92.101,90.392,76.226,105.138,44.933,98.093z M42.286,39.479
	c-0.085,0.199-0.124,0.412-0.046,0.593c0.079,0.177,0.25,0.29,0.438,0.29l19.159,0.143c0.147,0.004,0.297-0.066,0.405-0.193
	c0.102-0.129,0.146-0.291,0.125-0.442c-0.296-1.804-0.866-3.609-1.965-5.027c-1.515-1.965-4.542-3.288-7.953-3.187
	c-3.004,0.09-5.087,1.144-7.031,2.97C43.801,36.147,42.614,38.669,42.286,39.479z"/> </symbol><symbol viewBox="0 0 100 100" id="facebook"><title>facebook</title> <g> <g> <path d="M94.48,0H5.519C2.471,0,0,2.471,0,5.52v88.96c0,3.049,2.47,5.521,5.519,5.521h63.479L53.411,100V61.273h-13.03V46.181
			h13.03v-11.13c0-12.916,7.89-19.949,19.412-19.949c5.52,0,10.263,0.41,11.645,0.595v13.497l-7.991,0.004
			c-6.265,0-7.479,2.979-7.479,7.348v9.636h14.945l-1.947,15.093H68.998v38.726H94.48c3.047,0,5.52-2.472,5.52-5.521V5.52
			C100,2.471,97.529,0,94.48,0z"/> </g> </g> </symbol><symbol viewBox="0 0 100 100" id="github"><title>github</title> <g> <path d="M50.049,0.3c14.18,0.332,25.969,5.307,35.366,14.923S99.675,36.9,100,51.409c-0.195,11.445-3.415,21.494-9.658,30.146
		c-6.244,8.65-14.406,14.772-24.488,18.366c-1.234,0.199-2.112,0.017-2.633-0.549c-0.521-0.565-0.781-1.215-0.781-1.946
		l0.098-14.074c0-2.396-0.342-4.377-1.023-5.939c-0.684-1.564-1.479-2.745-2.391-3.544c5.788-0.399,10.977-2.312,15.561-5.739
		c4.586-3.428,7.01-9.934,7.27-19.517c0-2.795-0.455-5.324-1.366-7.586c-0.91-2.263-2.179-4.293-3.805-6.09
		c0.391-0.665,0.716-2.196,0.976-4.592c0.262-2.396-0.229-5.391-1.463-8.983c0-0.2-1.105-0.15-3.316,0.149
		c-2.211,0.299-5.691,2.013-10.439,5.141c-4.032-1.131-8.18-1.697-12.438-1.697c-4.26,0-8.439,0.566-12.537,1.697
		c-4.748-3.128-8.228-4.841-10.439-5.141c-2.211-0.3-3.317-0.35-3.317-0.149c-1.235,3.593-1.723,6.588-1.463,8.983
		c0.26,2.396,0.585,3.927,0.976,4.592c-1.626,1.73-2.894,3.743-3.805,6.039c-0.911,2.296-1.366,4.842-1.366,7.637
		c0.26,9.518,2.667,16.006,7.219,19.466c4.553,3.461,9.724,5.391,15.512,5.79c-0.715,0.599-1.366,1.464-1.951,2.596
		s-1.008,2.528-1.268,4.192c-1.561,0.865-3.772,1.281-6.634,1.248c-2.862-0.033-5.496-1.881-7.902-5.54
		c0-0.2-0.65-1.032-1.951-2.496c-1.301-1.464-3.187-2.396-5.659-2.795c-0.325-0.066-0.976,0.05-1.951,0.35
		c-0.976,0.3-0.456,1.214,1.561,2.745c0.065-0.066,0.699,0.449,1.902,1.547c1.203,1.1,2.423,3.078,3.659,5.939
		c-0.195,0.466,0.862,1.863,3.17,4.191c2.309,2.329,6.846,2.93,13.61,1.797l0.098,9.483c0,0.731-0.26,1.381-0.781,1.946
		c-0.52,0.564-1.398,0.748-2.634,0.549c-10.082-3.594-18.244-9.716-24.488-18.367C3.415,72.604,0.195,62.556,0,51.11
		C0.325,36.602,5.187,24.54,14.585,14.923C23.984,5.308,35.772,0.333,49.951,0L50.049,0.3z"/> </g> </symbol><symbol viewBox="0 0 100 100" id="googleplus"><title>googleplus</title> <g> <path d="M44.438,59.102c-0.699-0.091-1.137-0.091-2.012-0.091c-0.789,0-5.518,0.177-9.193,1.441
		c-1.927,0.714-7.527,2.868-7.527,9.237c0,6.375,6.041,10.957,15.408,10.957c8.406,0,12.873-4.139,12.873-9.694
		C53.984,66.364,51.096,63.945,44.438,59.102z"/> <path d="M49.167,35.495c0-6.463-3.768-16.514-11.029-16.514c-2.283,0-4.729,1.168-6.133,2.965c-1.49,1.887-1.923,4.301-1.923,6.643
		c0,6.01,3.412,15.971,10.944,15.971c2.188,0,4.543-1.07,5.953-2.509C48.991,39.979,49.167,37.112,49.167,35.495z"/> <path d="M96.879,0H3.121C1.396,0,0,1.428,0,3.19v93.615c0,1.766,1.396,3.193,3.121,3.193h93.758c1.727,0,3.121-1.43,3.121-3.193
		V3.19C100,1.428,98.604,0,96.879,0z M36.819,84.409c-12.697,0-18.821-6.188-18.821-12.836c0-3.229,1.572-7.804,6.739-10.945
		c5.425-3.41,12.784-3.856,16.726-4.135c-1.231-1.614-2.628-3.318-2.628-6.1c0-1.523,0.438-2.422,0.872-3.5
		c-0.966,0.092-1.923,0.18-2.8,0.18c-9.277,0-14.53-7.095-14.53-14.094c0-4.123,1.836-8.703,5.6-12.025
		c4.994-4.217,11.815-5.361,16.549-5.361h17.25l-5.692,3.659h-5.426c2.013,1.702,6.211,5.293,6.211,12.116
		c0,6.638-3.675,9.787-7.348,12.746c-1.141,1.164-2.455,2.42-2.455,4.398c0,1.969,1.314,3.044,2.275,3.859l3.155,2.507
		c3.853,3.319,7.354,6.371,7.353,12.569C59.848,75.887,51.877,84.409,36.819,84.409z M83.404,48.903h-8.801v9.027H70.27v-9.027
		h-8.758v-4.48h8.758v-8.975h4.334v8.975h8.801V48.903z"/> </g> </symbol><symbol viewBox="0 0 100 100" id="itunes"><title>itunes</title> <path d="M34.654,21.67v51.301c-3.423-1.393-7.51-1.871-11.754-1.022c-9.634,1.928-16.208,9.67-14.68,17.297
	c1.523,7.625,10.569,12.248,20.207,10.315c8.682-1.733,14.819-8.198,14.837-15.049h0.059V40.005l39.008-14.997v33.717
	c-3.424-1.391-7.51-1.871-11.753-1.021c-9.634,1.928-16.207,9.67-14.68,17.297c1.522,7.627,10.57,12.248,20.206,10.318
	c8.147-1.632,14.055-7.437,14.764-13.808H91V0L34.654,21.67z"/> </symbol><symbol viewBox="0 0 44 39" id="nestedsymbol"><title>menu-pill</title> <symbol viewBox="0 0 44 6" id="nestedsymbol-menu-pill"> <rect fill="currentColor" x="0" y="0" width="44px" height="5px" rx="3px" ry="3px"/></symbol> <text transform="matrix(1 0 0 1 0.1514 38)" fill="currentColor" font-family="&apos;Neue Helvetica eText W01&apos;, sans-serif" font-size="15.5">menu</text> <use xlink:href="#nestedsymbol-menu-pill" width="44" height="6" x="-22" y="-3" transform="matrix(1 0 0 -1 22 21)" overflow="visible"/> <use xlink:href="#nestedsymbol-menu-pill" width="44" height="6" x="-22" y="-3" transform="matrix(1 0 0 -1 22 12)" overflow="visible"/> <use xlink:href="#nestedsymbol-menu-pill" width="44" height="6" x="-22" y="-3" transform="matrix(1 0 0 -1 22 3)" overflow="visible"/> </symbol><symbol viewBox="0 0 100 100" id="pinboard"><title>pinboard</title> <path d="M51.447,59.185c0,0-12.542,12.915-18.583,17.828c-3.561-7.274,2.275-18.725,2.275-18.725l-23.604-30.95
	c0,0-7.694,3.517-11.535,2.013C9.471,19.252,19.254,9.47,29.352,0c1.434,3.759-2.012,11.283-2.012,11.283l30.701,23.854
	c0,0,11.578-5.927,18.977-2.275c-4.955,5.917-17.83,18.33-17.83,18.33s27.875,31.664,40.66,48.649c0.353,0.301,0.021,0.098-0.252,0
	C83.035,86.802,51.447,59.185,51.447,59.185z"/> </symbol><symbol id="preserve_attribute"><title>preserve_attribute</title> <rect x="400" y="100" width="400" height="200" stroke-width="10" fill="blue" stroke="red" imafake="idunno"/> </symbol><symbol viewBox="0 0 100 100" id="rss"><title>rss</title> <g> <path d="M7.336,62.163c-0.388-0.075-0.783-0.112-1.171-0.112c-1.42,0-2.81,0.491-3.923,1.409C0.822,64.632,0,66.375,0,68.216
		v25.617C0,97.238,2.76,100,6.166,100h25.616c1.84,0,3.586-0.822,4.757-2.243c1.17-1.421,1.646-3.287,1.297-5.098
		C34.876,77.378,22.62,65.12,7.336,62.163z"/> <path d="M6.764,30.957c-0.199-0.02-0.399-0.029-0.597-0.029c-1.525,0-3.005,0.563-4.142,1.6C0.733,33.699,0,35.357,0,37.096v3.098
		c0,3.164,2.394,5.812,5.536,6.136C30.838,48.92,51.08,69.161,53.672,94.462c0.322,3.146,2.973,5.539,6.135,5.539h3.098
		c1.74,0,3.398-0.732,4.566-2.023c1.168-1.286,1.738-3.009,1.571-4.74C65.841,60.349,39.65,34.158,6.764,30.957z"/> <path d="M99.986,93.431C96.732,43.428,56.568,3.268,6.565,0.012C6.432,0.005,6.298,0,6.166,0C4.604,0,3.095,0.593,1.95,1.667
		C0.705,2.832,0,4.461,0,6.167v3.088c0,3.247,2.515,5.938,5.752,6.155c42.113,2.832,76.006,36.726,78.839,78.84
		c0.22,3.235,2.907,5.75,6.151,5.75h3.091c1.706,0,3.335-0.706,4.5-1.95C99.498,96.805,100.098,95.135,99.986,93.431z"/> </g> </symbol><symbol viewBox="0 0 100 100" id="scissors"><title>scissors</title>  <g id="scissors-Your_Icon"> <path d="M88.781,68.58c-4.819-6.068-13.189-8.268-20.355-6.131l-7.984-10.054L86.98,13.793c2.142-3.177,1.713-7.589-0.952-9.786
		C83.359,1.808,81.184,0,81.184,0L50.001,39.257L18.818,0c0,0-2.176,1.808-4.842,4.007c-2.665,2.197-3.095,6.609-0.954,9.786
		l26.541,38.603l-7.987,10.054c-7.174-2.137-15.536,0.062-20.354,6.131c-3.182,3.998-4.641,9.024-4.117,14.147
		c0.531,5.122,2.991,9.732,6.912,12.973c3.359,2.772,7.586,4.3,11.898,4.3c5.738,0,11.095-2.602,14.71-7.148
		c3.176-4.006,4.642-9.027,4.111-14.148c-0.074-0.719-0.271-1.396-0.418-2.089l5.684-8.635l5.681,8.635
		c-0.146,0.692-0.342,1.37-0.414,2.089c-0.532,5.121,0.937,10.143,4.11,14.148C62.991,97.398,68.352,100,74.086,100
		c4.315,0,8.54-1.527,11.892-4.3c3.932-3.24,6.389-7.85,6.918-12.974C93.42,77.604,91.964,72.577,88.781,68.58z M32.61,86.229
		c-2.896,3.634-8.506,4.266-12.097,1.292c-1.788-1.466-2.901-3.562-3.145-5.888c-0.242-2.328,0.423-4.617,1.875-6.439
		c1.638-2.067,4.076-3.246,6.684-3.246c1.987,0,3.856,0.672,5.406,1.959c1.789,1.467,2.905,3.562,3.145,5.889
		C34.712,82.125,34.046,84.411,32.61,86.229z M49.994,57.923c-2.849,0-5.159-2.355-5.159-5.258c0-2.905,2.31-5.261,5.159-5.261
		c2.847,0,5.16,2.356,5.16,5.261C55.153,55.567,52.841,57.923,49.994,57.923z M79.488,87.521c-3.587,2.973-9.204,2.342-12.09-1.286
		c-1.443-1.823-2.107-4.109-1.876-6.438c0.243-2.325,1.357-4.421,3.151-5.895c1.544-1.281,3.412-1.951,5.401-1.951
		c2.603,0,5.045,1.177,6.685,3.251c1.449,1.815,2.114,4.103,1.87,6.431C82.391,83.961,81.276,86.056,79.488,87.521z"/> </g> </symbol><symbol viewBox="0 0 100 100" id="twitter"><title>twitter</title> <path id="twitter-shape-twitter" d="M100.001,17.942c-3.681,1.688-7.633,2.826-11.783,3.339
	c4.236-2.624,7.49-6.779,9.021-11.73c-3.965,2.432-8.354,4.193-13.026,5.146C80.47,10.575,75.138,8,69.234,8
	c-11.33,0-20.518,9.494-20.518,21.205c0,1.662,0.183,3.281,0.533,4.833c-17.052-0.884-32.168-9.326-42.288-22.155
	c-1.767,3.133-2.778,6.773-2.778,10.659c0,7.357,3.622,13.849,9.127,17.65c-3.363-0.109-6.525-1.064-9.293-2.651
	c-0.002,0.089-0.002,0.178-0.002,0.268c0,10.272,7.072,18.845,16.458,20.793c-1.721,0.484-3.534,0.744-5.405,0.744
	c-1.322,0-2.606-0.134-3.859-0.379c2.609,8.424,10.187,14.555,19.166,14.726c-7.021,5.688-15.867,9.077-25.48,9.077
	c-1.656,0-3.289-0.102-4.895-0.297C9.08,88.491,19.865,92,31.449,92c37.737,0,58.374-32.312,58.374-60.336
	c0-0.92-0.02-1.834-0.059-2.743C93.771,25.929,97.251,22.195,100.001,17.942L100.001,17.942z"/> </symbol><symbol viewBox="0 0 100 100" id="usingdef"><title>usingdef</title>  <ellipse cx="50%" cy="50%" rx="50%" ry="25%" fill="url(#usingdef-grad1)" id="usingdef-myellipse"/> </symbol><symbol viewBox="0 0 100 100" id="youtube"><title>youtube</title> <g> <path d="M98.77,27.492c-1.225-5.064-5.576-8.799-10.811-9.354C75.561,16.818,63.01,15.993,50.514,16
		c-12.495-0.007-25.045,0.816-37.446,2.139c-5.235,0.557-9.583,4.289-10.806,9.354C0.522,34.704,0.5,42.574,0.5,50.001
		c0,7.426,0,15.296,1.741,22.509c1.224,5.061,5.572,8.799,10.807,9.352c12.399,1.32,24.949,2.145,37.446,2.14
		c12.494,0.005,25.047-0.817,37.443-2.14c5.234-0.555,9.586-4.291,10.81-9.352c1.741-7.213,1.753-15.083,1.753-22.509
		S100.51,34.704,98.77,27.492 M67.549,52.203L43.977,64.391c-2.344,1.213-4.262,0.119-4.262-2.428V38.036
		c0-2.548,1.917-3.644,4.262-2.429l23.572,12.188C69.896,49.008,69.896,50.992,67.549,52.203"/> </g> </symbol><symbol viewBox="0 0 40 40" id="anim"><title>anim</title><desc>description element contents</desc>  <path opacity="0.2" fill="#000" d="M20.201,5.169c-8.254,0-14.946,6.692-14.946,14.946c0,8.255,6.692,14.946,14.946,14.946 s14.946-6.691,14.946-14.946C35.146,11.861,28.455,5.169,20.201,5.169z M20.201,31.749c-6.425,0-11.634-5.208-11.634-11.634 c0-6.425,5.209-11.634,11.634-11.634c6.425,0,11.633,5.209,11.633,11.634C31.834,26.541,26.626,31.749,20.201,31.749z"/> <path fill="#000" d="M26.013,10.047l1.654-2.866c-2.198-1.272-4.743-2.012-7.466-2.012h0v3.312h0 C22.32,8.481,24.301,9.057,26.013,10.047z"> <animateTransform attributeType="xml" attributeName="transform" type="rotate" from="0 20 20" to="360 20 20" dur="1s" repeatCount="indefinite"/> </path> </symbol></svg>

        <svg>
          <use xlink:href="#bounding_box" />
        </svg>
        <svg>
          <use xlink:href="#cleanup_with_currentColor" />
        </svg>
        <svg>
          <use xlink:href="#cleanup" />
        </svg>
        <svg>
          <use xlink:href="#codepen" />
        </svg>
        <svg>
          <use xlink:href="#dribbble" />
        </svg>
        <svg>
          <use xlink:href="#element" />
        </svg>
        <svg>
          <use xlink:href="#email" />
        </svg>
        <svg>
          <use xlink:href="#facebook" />
        </svg>
        <svg>
          <use xlink:href="#github" />
        </svg>
        <svg>
          <use xlink:href="#googleplus" />
        </svg>
        <svg>
          <use xlink:href="#itunes" />
        </svg>
        <svg>
          <use xlink:href="#nestedsymbol" />
        </svg>
        <svg>
          <use xlink:href="#pinboard" />
        </svg>
        <svg>
          <use xlink:href="#preserve_attribute" />
        </svg>
        <svg>
          <use xlink:href="#rss" />
        </svg>
        <svg>
          <use xlink:href="#scissors" />
        </svg>
        <svg>
          <use xlink:href="#twitter" />
        </svg>
        <svg>
          <use xlink:href="#usingdef" />
        </svg>
        <svg>
          <use xlink:href="#youtube" />
        </svg>
        <svg>
          <use xlink:href="#anim" />
        </svg>

  </body>
</html>